// Jest Snapshot v1, https://goo.gl/fbAQLP

exports[`song component snapshot test renders correctly 1`] = `
<button
  className="song row"
  data-testId="song"
  id="song"
  onClick={[Function]}
  onMouseEnter={[Function]}
  onMouseLeave={[Function]}
>
  <div
    className="songIcon col-1"
  >
    <button
      className="songButton"
      data-testId="playButton"
      onClick={[Function]}
    >
      <img
        alt="play music icon"
        data-testId="playButtonImage"
        height="14"
        src="musicIcon.png"
        width="12"
      />
    </button>
  </div>
  <div
    className="songInfo col-8"
  >
    <span
      className="whiteText"
      data-testId="songName"
    >
      إنسان
    </span>
    <p
      data-testId="aristsNames"
    >
      <span>
        <span>
          <a
            className="playlistAnchor"
            data-testId="artistName"
            href="/artist/5"
            onClick={[Function]}
          >
            حمزة نمرة
          </a>
          <span
            data-testId="comma"
          >
            , 
          </span>
        </span>
        <span>
          <a
            className="playlistAnchor"
            data-testId="artistName"
            href="/artist/2"
            onClick={[Function]}
          >
            Sardeena
          </a>
          <span
            data-testId="comma"
          >
            , 
          </span>
        </span>
      </span>
      <a
        className="playlistAnchor"
        data-testId="albumName"
        href="/albums/1"
        onClick={[Function]}
      >
        
      </a>
    </p>
  </div>
  <div
    className="col-1"
  >
    <div
      className="dropdown"
      data-testId="dropdown"
    >
      <button
        className="songButton"
        data-testId="dropdownButton"
        id="songDropdownButton"
        onClick={[Function]}
      >
        <h3
          className="whiteText"
          style={
            Object {
              "display": "none",
            }
          }
        >
          ...
        </h3>
      </button>
      <div
        className="dropdownContent"
        data-testId="dropdownList"
        id="dropdownContent"
        style={
          Object {
            "display": "none",
          }
        }
      >
        <a
          className="SongDropdownItem"
          data-testId="dropdownItem"
          href=""
          onClick={[Function]}
        >
          Save to your Liked Songs
        </a>
        <a
          className="SongDropdownItem"
          data-testId="dropdownItem"
          href=""
          onClick={[Function]}
        >
          Add to Queue
        </a>
        <a
          className="SongDropdownItem"
          data-testId="dropdownItem"
          href=""
          onClick={[Function]}
        >
          Add to Playlist
        </a>
      </div>
    </div>
  </div>
  <div
    className="col-2"
  >
    <p
      className="whiteText"
      data-testId="songTime"
    >
      3:34
    </p>
  </div>
</button>
`;
