// Jest Snapshot v1, https://goo.gl/fbAQLP

exports[`Web Player component snap shot 1`] = `ShallowWrapper {}`;
