// Jest Snapshot v1, https://goo.gl/fbAQLP

exports[`album headerBodyTop Component snapshot test renders correctly 1`] = `
<div
  className="playlistHeaderBodyTop"
  data-testid="HeaderBodyTop"
>
  <h2
    className="whiteText"
    data-testid="title"
  >
    album name
  </h2>
  <span
    className="whiteText"
    data-testid="credits"
  >
    By 
  </span>
  <span>
    <a
      className="playlistAnchor"
      data-testid="artist"
      href="/artist/3"
      onClick={[Function]}
    >
      Ù‹Wegz el wench
    </a>
  </span>
  <span>
    , 
    <a
      className="playlistAnchor"
      data-testid="artist"
      href="/artist/4"
      onClick={[Function]}
    >
      Amr Diab
    </a>
  </span>
</div>
`;
