// Jest Snapshot v1, https://goo.gl/fbAQLP

exports[`playlists Component snapshot test renders correctly 1`] = `
<div
  data-testid="playlists"
>
  <h1
    data-testid="title"
  >
     Followed Playlists 
  </h1>
  <div
    className="spinner"
  >
    <div
      className="rect1"
    />
    <div
      className="rect2"
    />
    <div
      className="rect3"
    />
    <div
      className="rect4"
    />
    <div
      className="rect5"
    />
  </div>
</div>
`;
