// Jest Snapshot v1, https://goo.gl/fbAQLP

exports[`HeaderBody component snapshot test renders correctly 1`] = `
<div
  data-testid="HeaderBody"
>
  <h2
    className="whiteText"
    data-testid="title"
  >
    Liked Songs
  </h2>
  <button
    className="playButton"
    data-testid="playButton"
    onClick={[MockFunction]}
    variant="outline-success"
  >
    PAUSE
  </button>
  <p>
    <span
      data-testid="songsNumber"
    >
      1
       
    </span>
    <span
      data-testid="songsLiteral"
    >
      song
    </span>
  </p>
</div>
`;
