// Jest Snapshot v1, https://goo.gl/fbAQLP

exports[`HeaderBodyBottom component snapshot test renders correctly 1`] = `
<div
  className="playlistHeaderBodyBottom"
  data-testid="HeaderBodyBottom"
>
  <button
    className="playButton"
    data-testid="playButton"
    onClick={[MockFunction]}
    variant="outline-success"
  >
    PAUSE
  </button>
  <button
    className="likeIcon"
    data-testid="likeIcon"
    onClick={[MockFunction]}
  >
    liked
     
  </button>
  <p>
    <span
      data-testid="releaseDate"
    >
      2011
       
      <h2
        data-testid="separatingDot"
        style={
          Object {
            "display": "inline",
          }
        }
      >
        .
      </h2>
       
    </span>
    <span
      data-testid="songsNumber"
    >
      1
       
    </span>
    <span
      data-testid="songsLiteral"
    >
      song
    </span>
  </p>
</div>
`;
