// Jest Snapshot v1, https://goo.gl/fbAQLP

exports[`album Component snapshot test for the playlist renders correctly 1`] = `
<div
  className="playlist"
  data-testid="likedSongs"
>
  <div
    className="row"
  >
    <div
      className="playlistHeader row col-xs-4 col-md-6 col-lg-4 col-xl-4"
      data-testid="playlistHeader"
      onClick={[Function]}
    >
      <div
        className="playlistImageContainer col col-lg-12 col-md-12 col-sm-4 col-xs-4"
        data-testid="playlistIamgeContainer"
      >
        <img
          alt="playlist img"
          className="playlistImage"
          data-testid="playlistIamge"
          src="https://t.scdn.co/images/3099b3803ad9496896c43f22fe9be8c4.png"
        />
      </div>
      <div
        className="playlistHeaderBody col col-lg-12 col-md-12 col-sm-8 col-xs-8"
        data-testid="playlistHeaderBody"
      >
        <div
          data-testid="HeaderBody"
        >
          <h2
            className="whiteText"
            data-testid="title"
          >
            Liked Songs
          </h2>
          <button
            className="playButton"
            data-testid="playButton"
            onClick={[Function]}
            variant="outline-success"
          >
            PLAY
          </button>
          <p>
            <span
              data-testid="songsNumber"
            >
              0
               
            </span>
            <span
              data-testid="songsLiteral"
            >
              song
            </span>
          </p>
        </div>
      </div>
    </div>
    <div
      className="col-xs-8 col-md-6 col-lg-8 col-xl-8"
      data-testid="songsList"
    >
      <h1
        data-testid="loading"
      >
        LOADING ...
      </h1>
    </div>
  </div>
</div>
`;
